<toast><visual><binding template="ToastImageAndText02"><image id="1" src="file:///z:/foo/bar.jpg"/><text id="1">Testing with</text><text id="2">an example image</text></binding></visual></toast>