<toast duration="long"><visual><binding template="ToastImageAndText04"><image id="1" src=""/><text id="1">testing1</text><text id="2">testing2</text><text id="3">testing3</text></binding></visual></toast>