<toast><visual><binding template="ToastImageAndText04"><image id="1" src=""/><text id="1">Testing header</text><text id="2">and</text><text id="3">buttons</text></binding></visual><header id="TestHead" title="TestHead" arguments=""/><actions><action arguments="https://1.example.com" activationType="protocol" content="example1"/><action arguments="https://1.example.com" activationType="protocol" content="example2"/><action arguments="dismiss" activationType="system" content="Dismiss"/></actions></toast>