<toast scenario="incomingCall"><visual><binding template="ToastGeneric"><image id="1" src="Z:\images\hero.png" placement="hero"/><text id="1">testing</text><text id="2">incoming call</text><text id="3">and hero</text></binding></visual></toast>