<toast><visual><binding template="ToastImageAndText04"><image id="1" src="Z:\images\hero.png" hint-crop="circle"/><text id="1">testing</text><text id="2">with image</text><text id="3">cropped to circle</text></binding></visual></toast>